
> skillbridge@1.0.0 build
> next build

  ▲ Next.js 14.2.35

   Creating an optimized production build ...
 ✓ Compiled successfully
   Linting and checking validity of types ...
   Collecting page data ...
   Generating static pages (0/4) ...
   Generating static pages (1/4) 
   Generating static pages (2/4) 
   Generating static pages (3/4) 
 ✓ Generating static pages (4/4)
   Finalizing page optimization ...
   Collecting build traces ...

Route (app)                              Size     First Load JS
┌ ○ /                                    8.88 kB        96.1 kB
└ ○ /_not-found                          873 B          88.1 kB
+ First Load JS shared by all            87.2 kB
  ├ chunks/117-e5476d4bdcce692a.js       31.7 kB
  ├ chunks/fd9d1056-749e5812300142af.js  53.6 kB
  └ other shared chunks (total)          1.86 kB


○  (Static)  prerendered as static content

