
> @skillbridge/web@1.0.0 build
> next build

  [1m[38;2;173;127;168m▲ Next.js 14.2.3[39m[22m
  - Environments: .env.local

 [37m[1m [22m[39m Creating an optimized production build ...
<w> [webpack.cache.PackFileCacheStrategy] Serializing big strings (113kiB) impacts deserialization performance (consider using Buffer instead and decode when needed)
<w> [webpack.cache.PackFileCacheStrategy] Serializing big strings (267kiB) impacts deserialization performance (consider using Buffer instead and decode when needed)
 [32m[1m✓[22m[39m Compiled successfully
 [37m[1m [22m[39m Skipping validation of types
 [37m[1m [22m[39m Skipping linting
[?25l [37m[1m [22m[39m Collecting page data  [36m.[39m[2K[1G [37m[1m [22m[39m Collecting page data  [36m..[39m[2K[1G [37m[1m [22m[39m Collecting page data  [36m...[39m[2K[1G[?25h [37m[1m [22m[39m Collecting page data     [32m[1m✓[22m[39m Collecting page data 
[?25l [37m[1m [22m[39m Generating static pages (0/13)  [36m[    ][39m[2K[1G [37m[1m [22m[39m Generating static pages (0/13)  [36m[=   ][39m[2K[1G [37m[1m [22m[39m Generating static pages (2/13)  [36m[==  ][39m[2K[1G [37m[1m [22m[39m Generating static pages (2/13)  [36m[=== ][39m[2K[1G [37m[1m [22m[39m Generating static pages (6/13)  [36m[ ===][39m[2K[1G [37m[1m [22m[39m Generating static pages (8/13)  [36m[  ==][39m[2K[1G[?25h [32m[1m✓[22m[39m Generating static pages (13/13)
[?25l [37m[1m [22m[39m Finalizing page optimization  [36m.[39m[?25l [37m[1m [22m[39m Collecting build traces  [36m.[39m[2K[1G [37m[1m [22m[39m Finalizing page optimization  [36m..[39m[2K[1G [37m[1m [22m[39m Collecting build traces  [36m..[39m[2K[1G [37m[1m [22m[39m Finalizing page optimization  [36m...[39m[2K[1G [37m[1m [22m[39m Collecting build traces  [36m...[39m[2K[1G [37m[1m [22m[39m Finalizing page optimization  [36m.[39m[2K[1G [37m[1m [22m[39m Collecting build traces  [36m.[39m[2K[1G [37m[1m [22m[39m Finalizing page optimization  [36m..[39m[2K[1G [37m[1m [22m[39m Collecting build traces  [36m..[39m[2K[1G [37m[1m [22m[39m Finalizing page optimization  [36m...[39m[2K[1G [37m[1m [22m[39m Collecting build traces  [36m...[39m[2K[1G [37m[1m [22m[39m Finalizing page optimization  [36m.[39m[2K[1G [37m[1m [22m[39m Collecting build traces  [36m.[39m[2K[1G [37m[1m [22m[39m Finalizing page optimization  [36m..[39m[2K[1G [37m[1m [22m[39m Collecting build traces  [36m..[39m[2K[1G [37m[1m [22m[39m Finalizing page optimization  [36m...[39m[2K[1G [37m[1m [22m[39m Collecting build traces  [36m...[39m[2K[1G [37m[1m [22m[39m Finalizing page optimization  [36m.[39m[2K[1G [37m[1m [22m[39m Collecting build traces  [36m.[39m[2K[1G [37m[1m [22m[39m Finalizing page optimization  [36m..[39m[2K[1G [37m[1m [22m[39m Collecting build traces  [36m..[39m[2K[1G [37m[1m [22m[39m Finalizing page optimization  [36m...[39m[2K[1G [37m[1m [22m[39m Collecting build traces  [36m...[39m[2K[1G [37m[1m [22m[39m Finalizing page optimization  [36m.[39m[2K[1G [37m[1m [22m[39m Collecting build traces  [36m.[39m[2K[1G [37m[1m [22m[39m Finalizing page optimization  [36m..[39m[2K[1G [37m[1m [22m[39m Collecting build traces  [36m..[39m[2K[1G [37m[1m [22m[39m Finalizing page optimization  [36m...[39m[2K[1G [37m[1m [22m[39m Collecting build traces  [36m...[39m[2K[1G [37m[1m [22m[39m Finalizing page optimization  [36m.[39m[2K[1G [37m[1m [22m[39m Collecting build traces  [36m.[39m[2K[1G [37m[1m [22m[39m Finalizing page optimization  [36m..[39m[2K[1G [37m[1m [22m[39m Collecting build traces  [36m..[39m[2K[1G[?25h [37m[1m [22m[39m Collecting build traces     [32m[1m✓[22m[39m Collecting build traces 
[2K[1G[?25h [37m[1m [22m[39m Finalizing page optimization     [32m[1m✓[22m[39m Finalizing page optimization 

[4mRoute (app)[24m                              [4mSize[24m     [4mFirst Load JS[24m
┌ ○ /                                    4.48 kB         [37m[1m156 kB[22m[39m
├ ○ /_not-found                          872 B          [37m[1m87.9 kB[22m[39m
├ ƒ /api/cashout                         0 B                [37m[1m0 B[22m[39m
├ ○ /api/migration                       0 B                [37m[1m0 B[22m[39m
├ ƒ /api/paystack-init                   0 B                [37m[1m0 B[22m[39m
├ ƒ /api/paystack-webhook                0 B                [37m[1m0 B[22m[39m
├ ƒ /api/webhook                         0 B                [37m[1m0 B[22m[39m
├ ○ /auth                                4.18 kB         [37m[1m163 kB[22m[39m
├ ○ /dashboard                           4.44 kB         [37m[1m165 kB[22m[39m
├ ○ /roadmap                             137 B          [37m[1m87.2 kB[22m[39m
└ ○ /team                                184 B           [37m[1m161 kB[22m[39m
+ First Load JS shared by all            [37m[1m87 kB[22m[39m
  ├ chunks/23-0554225235d8cfbd.js        31.5 kB
  ├ chunks/fd9d1056-2cb0c1d9f984342f.js  53.6 kB
  └ other shared chunks (total)          1.95 kB


ƒ Middleware                             [37m[1m87.7 kB[22m[39m

○  (Static)   prerendered as static content
ƒ  (Dynamic)  server-rendered on demand

[?25h⠙[1G[0K
